
==========================================================================
  CONTROL FROM DISTRIBUTIVITY — E2E DEMO
==========================================================================

  ctrl(f) = undist ∘ (id ⊕ (id_I ⊗ f)) ∘ dist
  Pipeline: OCaml Linear DSL → Bridge → Python → pytket

==========================================================================
  CIRCUIT: Abstract ctrl(f)
==========================================================================

  ctrl(f) : Bool ⊗ A → Bool ⊗ A

              ┌───────┐ ┌───────────────┐ ┌─────────┐
  q[0] Bool ──┤       ├─┤               ├─┤         ├──
              │ dist  │ │ id ⊕ (id ⊗ f) │ │ undist  │
  q[1] A   ──┤       ├─┤               ├─┤         ├──
              └───────┘ └───────────────┘ └─────────┘

  dist, undist : 0 gates (wire permutations)
  omap0 dispatches by tag qubit:
    |0⟩ branch → id   (do nothing)
    |1⟩ branch → f    (apply f to payload)

==========================================================================
  CIRCUIT: Unoptimised ctrl(f)  [identity branch not elided]
==========================================================================

  PlusMap compiles id ⊕ (id ⊗ f) as:
    • anti-control for |0⟩:  X on tag, controlled-id body, X on tag
    • control for |1⟩:       controlled-f body

  When left body = id (0 gates), anti-control emits a bare X–X pair:

           ┌ anti-ctrl (|0⟩) ┐ ┌ ctrl (|1⟩) ┐
           │                  │ │             │
  q[0] ────X────────────X─────●───────────────
           │                  │ │             │
  q[1] ──────────────────────⊕───────────────
           │                  │ │             │
           └──────────────────┘ └─────────────┘

  The X–X pair is a no-op: it cancels to identity.
  Total naive gates: 3  (X, X, CX)

  The compiler elides the X–X when the branch body has 0 gates,
  yielding the optimised circuit:

  q[0] ──●──
          │
  q[1] ──⊕──

  Optimised: 1 gate  (CX)

==========================================================================
  LEVEL 1: ctrl(X) — CX  (2 qubits)
==========================================================================
  Naive (anti-control on identity branch not elided):
2 qubits, 4 gates
  X q[0]
  CRz q[0, 1]
  X q[0]
  CX q[0, 1]
  perm: [0, 1]
  Optimised (identity branch elided):
2 qubits, 1 gates
  CX q[0, 1]
  perm: [0, 1]

  Verification: ctrl(X) = CX ?
    eq_circ: EQUAL (fidelity=1.000000)

==========================================================================
  LEVEL 2: ctrl(ctrl(X)) — CCX  (3 qubits)
==========================================================================

  Abstract:
    dist_l(I,I,Bool⊗Q) ; omap0(id, id_I ⊗ ctrl(X)) ; undist_l

    omap0 left  (|0⟩): id                       → 0 body gates
    omap0 right (|1⟩): id_I ⊗ ctrl(X)           → ctrl(X) body gates

  Naive:
3 qubits, 9 gates
  X q[0]
  CX q[0, 1]
  CRz q[0, 2]
  CX q[0, 1]
  X q[0]
  CX q[0, 1]
  QControlBox q[0, 1, 2]
  CX q[0, 1]
  CCX q[0, 1, 2]
  perm: [0, 1, 2]
  Optimised:
3 qubits, 1 gates
  CCX q[0, 1, 2]
  perm: [0, 1, 2]

  Verification: ctrl²(X) = CCX ?
    eq_circ: EQUAL (fidelity=1.000000)

==========================================================================
  LEVEL 3: ctrl³(X) — CCCX  (4 qubits)
==========================================================================

  Abstract:
    dist_l(I,I,Bool⊗Bool⊗Q) ; omap0(id, id_I ⊗ ctrl²(X)) ; undist_l

  Naive:
4 qubits, 15 gates
  X q[0]
  CX q[0, 1]
  CX q[0, 2]
  CRz q[0, 3]
  CX q[0, 1]
  CX q[0, 2]
  X q[0]
  CX q[0, 1]
  CCX q[0, 1, 2]
  QControlBox q[0, 1, 3]
  CCX q[0, 1, 2]
  CX q[0, 1]
  CCX q[0, 1, 2]
  CCX q[0, 1, 2]
  QControlBox q[0, 1, 2, 3]
  perm: [0, 1, 2, 3]
  Optimised:
4 qubits, 1 gates
  QControlBox q[0, 1, 2, 3]
  perm: [0, 1, 2, 3]

  Verification: ctrl³(X) = CCCX ?
    eq_circ: EQUAL (fidelity=1.000000)

==========================================================================
  LEVEL 4: ctrl⁴(X) — CCCCX  (5 qubits)
==========================================================================

  Abstract:
    dist_l(I,I,Bool⊗Bool⊗Bool⊗Q) ; omap0(id, id_I ⊗ ctrl³(X)) ; undist_l

  Naive:
5 qubits, 23 gates
  X q[0]
  CX q[0, 1]
  CX q[0, 2]
  CX q[0, 3]
  CRz q[0, 4]
  CX q[0, 1]
  CX q[0, 2]
  CX q[0, 3]
  X q[0]
  CX q[0, 1]
  CCX q[0, 1, 2]
  CCX q[0, 1, 3]
  QControlBox q[0, 1, 4]
  CCX q[0, 1, 2]
  CCX q[0, 1, 3]
  CX q[0, 1]
  CCX q[0, 1, 2]
  QControlBox q[0, 1, 2, 3]
  QControlBox q[0, 1, 2, 3]
  CCX q[0, 1, 2]
  QControlBox q[0, 1, 2, 3]
  QControlBox q[0, 1, 2, 3]
  CnX q[0, 1, 2, 3, 4]
  perm: [0, 1, 2, 3, 4]
  Optimised:
5 qubits, 1 gates
  CnX q[0, 1, 2, 3, 4]
  perm: [0, 1, 2, 3, 4]

  Verification: ctrl⁴(X) = CCCCX ?
    eq_circ: EQUAL (fidelity=1.000000)

==========================================================================
  SUMMARY
==========================================================================

  ctrl(f) = dist⁻¹ ∘ (id ⊕ (id ⊗ f)) ∘ dist

  Term          Qubits  Abstract                               Naive   Opt   
  ----          ------  --------                               -----   ---   
  ctrl(X)       2       dist ; (id ⊕ (id⊗X)) ; undist      4       1     
  ctrl²(X)     3       dist ; (id ⊕ (id⊗ctrl(X))) ; undist  9       1     
  ctrl³(X)     4       dist ; (id ⊕ (id⊗ctrl²(X))) ; undist  15      1     
  ctrl⁴(X)    5       dist ; (id ⊕ (id⊗ctrl³(X))) ; undist  23      1     

  Naive: anti-control X gates emitted even when left branch is identity.
  Opt:   compiler elides anti-control when branch body has 0 gates,
         leaving only the controlled right-branch gate (CnX).

  Verification (eq_circ against reference CnX, all fidelity 1.0):
    ctrl(X)  = CX     ctrl²(X) = CCX
    ctrl³(X) = CCCX   ctrl⁴(X) = CCCCX


==========================================================================
  DEMO COMPLETE
==========================================================================
