
==========================================================================
  qswitch_η for A = Q ⊸ Q  —  fully η-expanded λ-term
==========================================================================

  Type: (Bool ⊗ ((Q⊸Q)⊸(Q⊸Q))
                ⊗ ((Q⊸Q)⊸(Q⊸Q))
                ⊗ (Q⊸Q)
                ⊗ Q)
         ⊸  Bool ⊗ Q

  Every argument is atomic (Bool or Q ⊸ Q or Q). The higher-order
  values f, g, h live in the λ-context, not in a sum payload.
  The internal case_hom's payload C is Q — first-order.

==========================================================================
  PART 1: type + build
==========================================================================

  Bridge JSON preview: {"node": "Lam", "name": "input", "dom": {"node": "Ten", "left": {"node": "Plus", "left": {"node": "Unit"}, "right": {"node": "Unit"}}, "right": {"node": "Ten", ...

==========================================================================
  PART 2: compile
==========================================================================
14 qubits, 12 gates
  X q[0]
  QControlBox q[0, 1, 7]
  QControlBox q[0, 2, 8]
  QControlBox q[0, 3, 5]
  QControlBox q[0, 4, 6]
  QControlBox q[0, 1, 2]
  X q[0]
  QControlBox q[0, 1, 3]
  QControlBox q[0, 2, 4]
  QControlBox q[0, 5, 7]
  QControlBox q[0, 6, 8]
  QControlBox q[0, 1, 2]
  perm: [2, 3, 4, 5, 6, 7, 8, 9, 10, 11, 12, 13, 0, 1]

  PASS  compiled successfully. Circuit size: 12 gates.

==========================================================================
  SUMMARY
==========================================================================

  Passed: 1
  Failed: 0

  qswitch_η for A = Q ⊸ Q is expressible as a λ-term in Granthi.
  Full η-expansion drives every higher-order-looking construction
  down to a first-order canonical form; the first-order sum-payload
  restriction is a canonical-form requirement, not an expressiveness
  limitation. This is the canonical demonstration for the higher-order
  case (A = function type); the same pattern extends by adding more
  λ-arguments for deeper nesting (A = (Q⊸Q)⊸Q, etc.).
