
==========================================================================
  VERIFY NESTED CONTROLS: Mathematical Ground Truth
==========================================================================

  Compares compiled ctrl^k(G) against mathematically constructed
  reference unitary: I_{2^n} with bottom-right 2x2 block = G.
  Independent of the compiler -- pure linear algebra.

  Gates: H, S, Z, T    Controls: k = 1..4    Total: 16 tests

==========================================================================
  Gate: H
==========================================================================
  PASS  ctrl^1(H)  fidelity=1.0000000000
  PASS  ctrl^2(H)  fidelity=1.0000000000
  PASS  ctrl^3(H)  fidelity=1.0000000000
  PASS  ctrl^4(H)  fidelity=1.0000000000

==========================================================================
  Gate: S
==========================================================================
  PASS  ctrl^1(S)  fidelity=1.0000000000
  PASS  ctrl^2(S)  fidelity=1.0000000000
  PASS  ctrl^3(S)  fidelity=1.0000000000
  PASS  ctrl^4(S)  fidelity=1.0000000000

==========================================================================
  Gate: Z
==========================================================================
  PASS  ctrl^1(Z)  fidelity=1.0000000000
  PASS  ctrl^2(Z)  fidelity=1.0000000000
  PASS  ctrl^3(Z)  fidelity=1.0000000000
  PASS  ctrl^4(Z)  fidelity=1.0000000000

==========================================================================
  Gate: T
==========================================================================
  PASS  ctrl^1(T)  fidelity=1.0000000000
  PASS  ctrl^2(T)  fidelity=1.0000000000
  PASS  ctrl^3(T)  fidelity=1.0000000000
  PASS  ctrl^4(T)  fidelity=1.0000000000

==========================================================================
  SUMMARY
==========================================================================

  16 passed, 0 failed out of 16 tests

  ALL VERIFICATIONS PASSED

==========================================================================
  DEMO COMPLETE
==========================================================================
