
==========================================================================
  Z_N GROUP OPERATIONS: verified implementations
==========================================================================

==========================================================================
  Z_2
==========================================================================
  Z2: arity=2, 1 tag qubit

  add_z2:
2 qubits, 1 gates
  CX q[0, 1]
  perm: [0, 1]
  ✓ add_z2 ∘ add_z2 = id  (Z_2: each elt is self-inverse) (fidelity=1.000000)
  ✓ neg_z2 = id (fidelity=1.000000)

==========================================================================
  Z_3
==========================================================================
  Z3: arity=3, 2 tag qubits

  add_z3:
4 qubits, 7 gates
  X q[0]
  QControlBox q[0, 1, 2, 3]
  X q[0]
  X q[1]
  QControlBox q[0, 1, 2, 3]
  QControlBox q[0, 1, 2, 3]
  X q[1]
  perm: [0, 1, 2, 3]
  ✓ shift_z3_+1^3 = id (fidelity=1.000000)
  ✓ shift_+1 ∘ shift_+2 = id (fidelity=1.000000)
  ✓ neg_z3 ∘ neg_z3 = id (fidelity=1.000000)
  ✓ add_z3^3 = id  ((a,b)↦(a,a+b) iterated thrice) (fidelity=1.000000)

==========================================================================
  Z_4
==========================================================================
  Z4: arity=4, 2 tag qubits

  add_z4:
4 qubits, 16 gates
  X q[0]
  QControlBox q[0, 1, 2, 3]
  QControlBox q[0, 1, 2, 3]
  X q[0]
  X q[1]
  QControlBox q[0, 1, 2, 3]
  QControlBox q[0, 1, 2, 3]
  QControlBox q[0, 1, 2, 3]
  QControlBox q[0, 1, 2, 3]
  X q[1]
  QControlBox q[0, 1, 2, 3]
  QControlBox q[0, 1, 2, 3]
  QControlBox q[0, 1, 2, 3]
  QControlBox q[0, 1, 2, 3]
  QControlBox q[0, 1, 2, 3]
  QControlBox q[0, 1, 2, 3]
  perm: [0, 1, 2, 3]
  ✓ shift_z4_+1^4 = id (fidelity=1.000000)
  ✓ shift_+1 ∘ shift_+3 = id (fidelity=1.000000)
  ✓ shift_+2 ∘ shift_+2 = id (fidelity=1.000000)
  ✓ neg_z4 ∘ neg_z4 = id  (1↔3 involution) (fidelity=1.000000)
  ✓ add_z4^4 = id (fidelity=1.000000)

==========================================================================
  Z_5
==========================================================================
  Z5: arity=5, 3 tag qubits

  add_z5 (gates suppressed; many QControlBoxes):
6 qubits, 44 gates
  X q[0]
  X q[1]
  QControlBox q[0, 1, 2, 3, 4, 5]
  QControlBox q[0, 1, 2, 3, 4, 5]
  QControlBox q[0, 1, 2, 3, 4, 5]
  X q[0]
  X q[1]
  X q[2]
  X q[0]
  QControlBox q[0, 1, 2, 3, 4, 5]
  QControlBox q[0, 1, 2, 3, 4, 5]
  QControlBox q[0, 1, 2, 3, 4, 5]
  QControlBox q[0, 1, 2, 3, 4, 5]
  QControlBox q[0, 1, 2, 3, 4, 5]
  QControlBox q[0, 1, 2, 3, 4, 5]
  X q[0]
  X q[2]
  X q[0]
  QControlBox q[0, 1, 2, 3, 4, 5]
  QControlBox q[0, 1, 2, 3, 4, 5]
  QControlBox q[0, 1, 2, 3, 4, 5]
  QControlBox q[0, 1, 2, 3, 4, 5]
  QControlBox q[0, 1, 2, 3, 4, 5]
  QControlBox q[0, 1, 2, 3, 4, 5]
  QControlBox q[0, 1, 2, 3, 4, 5]
  QControlBox q[0, 1, 2, 3, 4, 5]
  QControlBox q[0, 1, 2, 3, 4, 5]
  X q[0]
  X q[1]
  X q[2]
  QControlBox q[0, 1, 2, 3, 4, 5]
  QControlBox q[0, 1, 2, 3, 4, 5]
  QControlBox q[0, 1, 2, 3, 4, 5]
  QControlBox q[0, 1, 2, 3, 4, 5]
  QControlBox q[0, 1, 2, 3, 4, 5]
  QControlBox q[0, 1, 2, 3, 4, 5]
  QControlBox q[0, 1, 2, 3, 4, 5]
  QControlBox q[0, 1, 2, 3, 4, 5]
  QControlBox q[0, 1, 2, 3, 4, 5]
  QControlBox q[0, 1, 2, 3, 4, 5]
  QControlBox q[0, 1, 2, 3, 4, 5]
  QControlBox q[0, 1, 2, 3, 4, 5]
  X q[1]
  X q[2]
  perm: [0, 1, 2, 3, 4, 5]
  ✓ shift_z5_+1^5 = id (fidelity=1.000000)
  ✓ shift_+1 ∘ shift_+4 = id (fidelity=1.000000)
  ✓ shift_+2 ∘ shift_+3 = id (fidelity=1.000000)
  ✓ neg_z5 ∘ neg_z5 = id (fidelity=1.000000)
  ✓ add_z5^5 = id (fidelity=1.000000)

==========================================================================
  Z_8
==========================================================================
  Z8: arity=8, 3 tag qubits
  ✓ shift_z8_+1^8 = id (fidelity=1.000000)
  ✓ shift_+1 ∘ shift_+7 = id (fidelity=1.000000)
  ✓ shift_+2 ∘ shift_+6 = id (fidelity=1.000000)
  ✓ shift_+4 ∘ shift_+4 = id  (order 2) (fidelity=1.000000)
  ✓ neg_z8 ∘ neg_z8 = id  (involution) (fidelity=1.000000)
  ✓ add_z8^8 = id (fidelity=1.000000)

==========================================================================
  Z_11
==========================================================================
  Z11: arity=11, 4 tag qubits
  Exercises k > 3 PlusMap (ToffoliBox path).
  ✓ shift_z11_+1^11 = id (fidelity=1.000000)
  ✓ shift_+1 ∘ shift_+10 = id (fidelity=1.000000)
  ✓ shift_+5 ∘ shift_+6 = id (fidelity=1.000000)
  ✓ shift_+3 ∘ shift_+8 = id (fidelity=1.000000)
  ✓ neg_z11 ∘ neg_z11 = id (fidelity=1.000000)
  ✓ add_z11^11 = id (fidelity=1.000000)

==========================================================================
  Summary
==========================================================================

  Tests: 28/28 passed

  ALL TESTS PASSED

